 function overloading

 Timestamp is 5f779df7 (Fri Oct  2 14:39:03 2020)

 Preferred load address is 00400000

 Start         Length     Name                   Class
 0001:00000000 00010000H .textbss                DATA
 0002:00000000 000055bfH .text$mn                CODE
 0003:00000000 00000104H .CRT$XCA                DATA
 0003:00000104 00000104H .CRT$XCAA               DATA
 0003:00000208 00000104H .CRT$XCZ                DATA
 0003:0000030c 00000104H .CRT$XIA                DATA
 0003:00000410 00000104H .CRT$XIAA               DATA
 0003:00000514 00000104H .CRT$XIAC               DATA
 0003:00000618 00000104H .CRT$XIZ                DATA
 0003:0000071c 00000104H .CRT$XPA                DATA
 0003:00000820 00000104H .CRT$XPZ                DATA
 0003:00000924 00000104H .CRT$XTA                DATA
 0003:00000a28 00000108H .CRT$XTZ                DATA
 0003:00000b30 00000c18H .rdata                  DATA
 0003:00001748 000001acH .rdata$zzzdbg           DATA
 0003:000018f4 00000104H .rtc$IAA                DATA
 0003:000019f8 00000104H .rtc$IMZ                DATA
 0003:00001afc 00000104H .rtc$IZZ                DATA
 0003:00001c00 00000104H .rtc$TAA                DATA
 0003:00001d04 00000104H .rtc$TMZ                DATA
 0003:00001e08 00000108H .rtc$TZZ                DATA
 0003:00001f10 00000169H .xdata$x                DATA
 0003:00002079 00000000H .edata                  DATA
 0004:00000000 00000140H .data                   DATA
 0004:00000140 00000468H .bss                    DATA
 0005:00000000 00000204H .idata$5                DATA
 0005:00000204 00000050H .idata$2                DATA
 0005:00000254 00000014H .idata$3                DATA
 0005:00000268 00000204H .idata$4                DATA
 0005:0000046c 00000896H .idata$6                DATA
 0006:00000000 00000139H .msvcjmc                DATA
 0007:00000000 00000109H .00cfg                  DATA
 0008:00000000 00000170H .rsrc$01                DATA
 0008:00000170 000002ccH .rsrc$02                DATA

  Address         Publics by Value              Rva+Base       Lib:Object

 0000:00000000       ___guard_fids_table        00000000     <absolute>
 0000:00000000       ___guard_longjmp_count     00000000     <absolute>
 0000:00000000       ___hybrid_code_map         00000000     <absolute>
 0000:00000000       ___enclave_config          00000000     <absolute>
 0000:00000000       ___volatile_metadata       00000000     <absolute>
 0000:00000000       ___x64_code_ranges_to_entry_points_count 00000000     <absolute>
 0000:00000000       ___guard_iat_count         00000000     <absolute>
 0000:00000000       ___hybrid_auxiliary_iat    00000000     <absolute>
 0000:00000000       ___guard_iat_table         00000000     <absolute>
 0000:00000000       ___hybrid_code_map_count   00000000     <absolute>
 0000:00000000       ___arm64x_redirection_metadata_count 00000000     <absolute>
 0000:00000000       ___dynamic_value_reloc_table 00000000     <absolute>
 0000:00000000       ___guard_longjmp_table     00000000     <absolute>
 0000:00000000       ___arm64x_extra_rfe_table  00000000     <absolute>
 0000:00000000       ___guard_eh_cont_table     00000000     <absolute>
 0000:00000000       ___arm64x_native_entrypoint 00000000     <absolute>
 0000:00000000       ___guard_fids_count        00000000     <absolute>
 0000:00000000       ___arm64x_extra_rfe_table_size 00000000     <absolute>
 0000:00000000       ___AbsoluteZero            00000000     <absolute>
 0000:00000000       ___safe_se_handler_count   00000000     <absolute>
 0000:00000000       ___arm64x_redirection_metadata 00000000     <absolute>
 0000:00000000       ___x64_code_ranges_to_entry_points 00000000     <absolute>
 0000:00000000       ___safe_se_handler_table   00000000     <absolute>
 0000:00000000       ___guard_eh_cont_count     00000000     <absolute>
 0000:00000100       ___guard_flags             00000100     <absolute>
 0000:00000000       ___ImageBase               00400000     <linker-defined>
 0001:00000000       __enc$textbss$begin        00401000     <linker-defined>
 0001:00010000       __enc$textbss$end          00411000     <linker-defined>
 0002:00000760       ??$endl@DU?$char_traits@D@std@@@std@@YAAAV?$basic_ostream@DU?$char_traits@D@std@@@0@AAV10@@Z 00411760 f i Source.obj
 0002:00000810       ?Add@@YAHHH@Z              00411810 f   Source.obj
 0002:00000870       ?Add@@YANNN@Z              00411870 f   Source.obj
 0002:000008e0       ?Print@@YAXPBH@Z           004118e0 f   Source.obj
 0002:00000930       ?__empty_global_delete@@YAXPAX@Z 00411930 f i Source.obj
 0002:00000980       ?__empty_global_delete@@YAXPAXI@Z 00411980 f i Source.obj
 0002:000009d0       _Print                     004119d0 f   Source.obj
 0002:00000a20       __JustMyCode_Default       00411a20 f i Source.obj
 0002:00000a30       _main                      00411a30 f   Source.obj
 0002:00000b63       ?widen@?$basic_ios@DU?$char_traits@D@std@@@std@@QBEDD@Z 00411b63 f   msvcprtd:MSVCP140D.dll
 0002:00000b69       ??6?$basic_ostream@DU?$char_traits@D@std@@@std@@QAEAAV01@P6AAAV01@AAV01@@Z@Z 00411b69 f   msvcprtd:MSVCP140D.dll
 0002:00000b6f       ??6?$basic_ostream@DU?$char_traits@D@std@@@std@@QAEAAV01@H@Z 00411b6f f   msvcprtd:MSVCP140D.dll
 0002:00000b75       ?put@?$basic_ostream@DU?$char_traits@D@std@@@std@@QAEAAV12@D@Z 00411b75 f   msvcprtd:MSVCP140D.dll
 0002:00000b7b       ?flush@?$basic_ostream@DU?$char_traits@D@std@@@std@@QAEAAV12@XZ 00411b7b f   msvcprtd:MSVCP140D.dll
 0002:00000b90       @_RTC_AllocaHelper@12      00411b90 f   MSVCRTD:stack.obj
 0002:00000bd0       @_RTC_CheckStackVars2@12   00411bd0 f   MSVCRTD:stack.obj
 0002:00000ce0       @_RTC_CheckStackVars@8     00411ce0 f   MSVCRTD:stack.obj
 0002:00000d50       __RTC_CheckEsp             00411d50 f   MSVCRTD:stack.obj
 0002:00000d90       @__CheckForDebuggerJustMyCode@4 00411d90 f   MSVCRTD:debugger_jmc.obj
 0002:00000de0       @__security_check_cookie@4 00411de0 f   MSVCRTD:secchk.obj
 0002:00000e00       __CRT_RTC_INIT             00411e00 f   MSVCRTD:init.obj
 0002:00000e10       __CRT_RTC_INITW            00411e10 f   MSVCRTD:init.obj
 0002:00000e20       __RTC_InitBase             00411e20 f   MSVCRTD:init.obj
 0002:00000e60       __RTC_Shutdown             00411e60 f   MSVCRTD:init.obj
 0002:00001250       ?configure_argv@__scrt_narrow_argv_policy@@SAHXZ 00412250 f i MSVCRTD:exe_main.obj
 0002:00001270       ?initialize_environment@__scrt_narrow_environment_policy@@SAHXZ 00412270 f i MSVCRTD:exe_main.obj
 0002:000012d0       ?set_app_type@__scrt_main_policy@@SAXXZ 004122d0 f i MSVCRTD:exe_main.obj
 0002:000012f0       ?set_commode@__scrt_file_policy@@SAXXZ 004122f0 f i MSVCRTD:exe_main.obj
 0002:00001310       ?set_fmode@__scrt_file_policy@@SAXXZ 00412310 f i MSVCRTD:exe_main.obj
 0002:00001330       _mainCRTStartup            00412330 f   MSVCRTD:exe_main.obj
 0002:000013f0       ?_RTC_AllocaFailure@@YAXPAXPAU_RTC_ALLOCA_NODE@@H@Z 004123f0 f   MSVCRTD:error.obj
 0002:00001510       ?_RTC_Failure@@YAXPAXH@Z   00412510 f   MSVCRTD:error.obj
 0002:00001580       ?_RTC_StackFailure@@YAXPAXPBD@Z 00412580 f   MSVCRTD:error.obj
 0002:00001a30       __RTC_UninitUse            00412a30 f   MSVCRTD:error.obj
 0002:00001b10       ___local_stdio_printf_options 00412b10 f i MSVCRTD:error.obj
 0002:00001b20       __vsprintf_s_l             00412b20 f i MSVCRTD:error.obj
 0002:00001b60       _sprintf_s                 00412b60 f i MSVCRTD:error.obj
 0002:00001b90       ___raise_securityfailure   00412b90 f   MSVCRTD:gs_report.obj
 0002:00001bd0       ___report_gsfailure        00412bd0 f   MSVCRTD:gs_report.obj
 0002:00001d20       ___report_rangecheckfailure 00412d20 f   MSVCRTD:gs_report.obj
 0002:00001d30       ___report_securityfailure  00412d30 f   MSVCRTD:gs_report.obj
 0002:00001e40       ___report_securityfailureEx 00412e40 f   MSVCRTD:gs_report.obj
 0002:00001fb0       ?_RTC_GetErrorFunc@@YAP6AHHPBDH00ZZPBX@Z 00412fb0 f   MSVCRTD:userapi.obj
 0002:00001fc0       ?_RTC_GetErrorFuncW@@YAP6AHHPB_WH00ZZPBX@Z 00412fc0 f   MSVCRTD:userapi.obj
 0002:00001fd0       __RTC_GetErrDesc           00412fd0 f   MSVCRTD:userapi.obj
 0002:00001ff0       __RTC_NumErrors            00412ff0 f   MSVCRTD:userapi.obj
 0002:00002000       __RTC_SetErrorFunc         00413000 f   MSVCRTD:userapi.obj
 0002:00002030       __RTC_SetErrorFuncW        00413030 f   MSVCRTD:userapi.obj
 0002:00002060       __RTC_SetErrorType         00413060 f   MSVCRTD:userapi.obj
 0002:000021d0       _NtCurrentTeb              004131d0 f i MSVCRTD:utility.obj
 0002:000021e0       ___scrt_acquire_startup_lock 004131e0 f   MSVCRTD:utility.obj
 0002:00002240       ___scrt_dllmain_after_initialize_c 00413240 f   MSVCRTD:utility.obj
 0002:00002280       ___scrt_dllmain_before_initialize_c 00413280 f   MSVCRTD:utility.obj
 0002:000022b0       ___scrt_dllmain_crt_thread_attach 004132b0 f   MSVCRTD:utility.obj
 0002:000022f0       ___scrt_dllmain_crt_thread_detach 004132f0 f   MSVCRTD:utility.obj
 0002:00002310       ___scrt_dllmain_exception_filter 00413310 f   MSVCRTD:utility.obj
 0002:00002370       ___scrt_dllmain_uninitialize_c 00413370 f   MSVCRTD:utility.obj
 0002:000023b0       ___scrt_dllmain_uninitialize_critical 004133b0 f   MSVCRTD:utility.obj
 0002:000023d0       ___scrt_initialize_crt     004133d0 f   MSVCRTD:utility.obj
 0002:00002430       ___scrt_initialize_onexit_tables 00413430 f   MSVCRTD:utility.obj
 0002:00002540       ___scrt_is_nonwritable_in_current_image 00413540 f   MSVCRTD:utility.obj
 0002:000026c0       ___scrt_release_startup_lock 004136c0 f   MSVCRTD:utility.obj
 0002:000026f0       ___scrt_uninitialize_crt   004136f0 f   MSVCRTD:utility.obj
 0002:00002740       __onexit                   00413740 f   MSVCRTD:utility.obj
 0002:000027c0       _at_quick_exit             004137c0 f   MSVCRTD:utility.obj
 0002:00002810       _atexit                    00413810 f   MSVCRTD:utility.obj
 0002:000028e0       ___security_init_cookie    004138e0 f   MSVCRTD:gs_support.obj
 0002:00002980       __matherr                  00413980 f   MSVCRTD:matherr.obj
 0002:00002990       __get_startup_argv_mode    00413990 f   MSVCRTD:argv_mode.obj
 0002:000029a0       __get_startup_commit_mode  004139a0 f   MSVCRTD:commit_mode.obj
 0002:000029b0       __get_startup_file_mode    004139b0 f   MSVCRTD:file_mode.obj
 0002:000029c0       __get_startup_new_mode     004139c0 f   MSVCRTD:new_mode.obj
 0002:000029d0       __get_startup_thread_locale_mode 004139d0 f   MSVCRTD:thread_locale.obj
 0002:000029e0       ?__scrt_initialize_type_info@@YAXXZ 004139e0 f   MSVCRTD:tncleanup.obj
 0002:00002a00       ?__scrt_uninitialize_type_info@@YAXXZ 00413a00 f   MSVCRTD:tncleanup.obj
 0002:00002a20       __should_initialize_environment 00413a20 f   MSVCRTD:env_mode.obj
 0002:00002a30       __initialize_default_precision 00413a30 f   MSVCRTD:default_precision.obj
 0002:00002a60       __initialize_invalid_parameter_handler 00413a60 f   MSVCRTD:invalid_parameter_handler.obj
 0002:00002a70       __initialize_denormal_control 00413a70 f   MSVCRTD:denormal_control.obj
 0002:00002a80       ___local_stdio_scanf_options 00413a80 f i MSVCRTD:default_local_stdio_options.obj
 0002:00002a90       ___scrt_initialize_default_local_stdio_options 00413a90 f   MSVCRTD:default_local_stdio_options.obj
 0002:00002ae0       ___scrt_is_user_matherr_present 00413ae0 f   MSVCRTD:matherr_detection.obj
 0002:00002b10       ___scrt_get_dyn_tls_init_callback 00413b10 f   MSVCRTD:dyn_tls_init.obj
 0002:00002b20       ___scrt_get_dyn_tls_dtor_callback 00413b20 f   MSVCRTD:dyn_tls_dtor.obj
 0002:00002b30       ___scrt_fastfail           00413b30 f   MSVCRTD:utility_desktop.obj
 0002:00002cc0       ___scrt_get_show_window_mode 00413cc0 f   MSVCRTD:utility_desktop.obj
 0002:00002d10       ___scrt_initialize_mta     00413d10 f   MSVCRTD:utility_desktop.obj
 0002:00002d20       ___scrt_initialize_winrt   00413d20 f   MSVCRTD:utility_desktop.obj
 0002:00002d30       ___scrt_is_managed_app     00413d30 f   MSVCRTD:utility_desktop.obj
 0002:00002de0       ___scrt_set_unhandled_exception_filter 00413de0 f   MSVCRTD:utility_desktop.obj
 0002:00002e00       ___scrt_exe_initialize_mta 00413e00 f   MSVCRTD:utility_desktop.obj
 0002:00002e00       ___scrt_stub_for_initialize_mta 00413e00 f   MSVCRTD:utility_desktop.obj
 0002:00002e10       ___scrt_unhandled_exception_filter@4 00413e10 f   MSVCRTD:utility_desktop.obj
 0002:00002eb0       __crt_debugger_hook        00413eb0 f   MSVCRTD:utility_desktop.obj
 0002:00002ed0       __RTC_Initialize           00413ed0 f   MSVCRTD:initsect.obj
 0002:00002f10       __RTC_Terminate            00413f10 f   MSVCRTD:initsect.obj
 0002:00002f50       __except_handler4          00413f50 f   MSVCRTD:chandler4gs.obj
 0002:00002fa0       @_guard_check_icall_nop@4  00413fa0 f i MSVCRTD:guard_support.obj
 0002:00002fb0       _ReadNoFence               00413fb0 f i MSVCRTD:guard_support.obj
 0002:00002fd0       _ReadPointerNoFence        00413fd0 f i MSVCRTD:guard_support.obj
 0002:00002ff0       __guard_icall_checks_enforced 00413ff0 f i MSVCRTD:guard_support.obj
 0002:000035c0       ?_RTC_GetSrcLine@@YAHPAEPA_WKPAH1K@Z 004145c0 f   MSVCRTD:pdblkup.obj
 0002:00003a20       __except_handler4_noexcept 00414a20 f   MSVCRTD:chandler4_noexcept.obj
 0002:00003aa0       ___isa_available_init      00414aa0 f   MSVCRTD:cpu_disp.obj
 0002:00003ea0       ___scrt_is_ucrt_dll_in_use 00414ea0 f   MSVCRTD:ucrt_detection.obj
 0002:00003ecd       ___std_type_info_destroy_list 00414ecd f   vcruntimed:VCRUNTIME140D.dll
 0002:00003ed3       ___current_exception       00414ed3 f   vcruntimed:VCRUNTIME140D.dll
 0002:00003ed9       ___current_exception_context 00414ed9 f   vcruntimed:VCRUNTIME140D.dll
 0002:00003edf       _memset                    00414edf f   vcruntimed:VCRUNTIME140D.dll
 0002:00003ee5       __except_handler4_common   00414ee5 f   vcruntimed:VCRUNTIME140D.dll
 0002:00003eeb       ___vcrt_GetModuleFileNameW 00414eeb f   vcruntimed:VCRUNTIME140D.dll
 0002:00003ef1       ___vcrt_GetModuleHandleW   00414ef1 f   vcruntimed:VCRUNTIME140D.dll
 0002:00003ef7       ___vcrt_LoadLibraryExW     00414ef7 f   vcruntimed:VCRUNTIME140D.dll
 0002:00003efd       __CrtDbgReport             00414efd f   ucrtd:ucrtbased.dll
 0002:00003f03       __CrtDbgReportW            00414f03 f   ucrtd:ucrtbased.dll
 0002:00003f09       __seh_filter_exe           00414f09 f   ucrtd:ucrtbased.dll
 0002:00003f0f       __set_app_type             00414f0f f   ucrtd:ucrtbased.dll
 0002:00003f15       ___setusermatherr          00414f15 f   ucrtd:ucrtbased.dll
 0002:00003f1b       __configure_narrow_argv    00414f1b f   ucrtd:ucrtbased.dll
 0002:00003f21       __initialize_narrow_environment 00414f21 f   ucrtd:ucrtbased.dll
 0002:00003f27       __get_initial_narrow_environment 00414f27 f   ucrtd:ucrtbased.dll
 0002:00003f2d       __initterm                 00414f2d f   ucrtd:ucrtbased.dll
 0002:00003f33       __initterm_e               00414f33 f   ucrtd:ucrtbased.dll
 0002:00003f39       _exit                      00414f39 f   ucrtd:ucrtbased.dll
 0002:00003f3f       __exit                     00414f3f f   ucrtd:ucrtbased.dll
 0002:00003f45       __set_fmode                00414f45 f   ucrtd:ucrtbased.dll
 0002:00003f4b       ___p___argc                00414f4b f   ucrtd:ucrtbased.dll
 0002:00003f51       ___p___argv                00414f51 f   ucrtd:ucrtbased.dll
 0002:00003f57       __cexit                    00414f57 f   ucrtd:ucrtbased.dll
 0002:00003f5d       __c_exit                   00414f5d f   ucrtd:ucrtbased.dll
 0002:00003f63       __register_thread_local_exe_atexit_callback 00414f63 f   ucrtd:ucrtbased.dll
 0002:00003f69       __configthreadlocale       00414f69 f   ucrtd:ucrtbased.dll
 0002:00003f6f       __set_new_mode             00414f6f f   ucrtd:ucrtbased.dll
 0002:00003f75       ___p__commode              00414f75 f   ucrtd:ucrtbased.dll
 0002:00003f7b       _strcpy_s                  00414f7b f   ucrtd:ucrtbased.dll
 0002:00003f81       _strcat_s                  00414f81 f   ucrtd:ucrtbased.dll
 0002:00003f87       ___stdio_common_vsprintf_s 00414f87 f   ucrtd:ucrtbased.dll
 0002:00003f8d       __seh_filter_dll           00414f8d f   ucrtd:ucrtbased.dll
 0002:00003f93       __initialize_onexit_table  00414f93 f   ucrtd:ucrtbased.dll
 0002:00003f99       __register_onexit_function 00414f99 f   ucrtd:ucrtbased.dll
 0002:00003f9f       __execute_onexit_table     00414f9f f   ucrtd:ucrtbased.dll
 0002:00003fa5       __crt_atexit               00414fa5 f   ucrtd:ucrtbased.dll
 0002:00003fab       __crt_at_quick_exit        00414fab f   ucrtd:ucrtbased.dll
 0002:00003fb1       __controlfp_s              00414fb1 f   ucrtd:ucrtbased.dll
 0002:00003fb7       _terminate                 00414fb7 f   ucrtd:ucrtbased.dll
 0002:00003fbd       __wmakepath_s              00414fbd f   ucrtd:ucrtbased.dll
 0002:00003fc3       __wsplitpath_s             00414fc3 f   ucrtd:ucrtbased.dll
 0002:00003fc9       _wcscpy_s                  00414fc9 f   ucrtd:ucrtbased.dll
 0002:00003fcf       _GetCurrentThreadId@0      00414fcf f   kernel32:KERNEL32.dll
 0002:00003fd5       _IsDebuggerPresent@0       00414fd5 f   kernel32:KERNEL32.dll
 0002:00003fdb       _RaiseException@16         00414fdb f   kernel32:KERNEL32.dll
 0002:00003fe1       _MultiByteToWideChar@24    00414fe1 f   kernel32:KERNEL32.dll
 0002:00003fe7       _WideCharToMultiByte@32    00414fe7 f   kernel32:KERNEL32.dll
 0002:00003fed       _UnhandledExceptionFilter@4 00414fed f   kernel32:KERNEL32.dll
 0002:00003ff3       _SetUnhandledExceptionFilter@4 00414ff3 f   kernel32:KERNEL32.dll
 0002:00003ff9       _GetCurrentProcess@0       00414ff9 f   kernel32:KERNEL32.dll
 0002:00003fff       _TerminateProcess@8        00414fff f   kernel32:KERNEL32.dll
 0002:00004005       _IsProcessorFeaturePresent@4 00415005 f   kernel32:KERNEL32.dll
 0002:0000400b       _QueryPerformanceCounter@4 0041500b f   kernel32:KERNEL32.dll
 0002:00004011       _GetCurrentProcessId@0     00415011 f   kernel32:KERNEL32.dll
 0002:00004017       _GetSystemTimeAsFileTime@4 00415017 f   kernel32:KERNEL32.dll
 0002:0000401d       _InitializeSListHead@4     0041501d f   kernel32:KERNEL32.dll
 0002:00004023       _GetStartupInfoW@4         00415023 f   kernel32:KERNEL32.dll
 0002:00004029       _GetModuleHandleW@4        00415029 f   kernel32:KERNEL32.dll
 0002:0000402f       _GetLastError@0            0041502f f   kernel32:KERNEL32.dll
 0002:00004035       _HeapAlloc@12              00415035 f   kernel32:KERNEL32.dll
 0002:0000403b       _HeapFree@12               0041503b f   kernel32:KERNEL32.dll
 0002:00004041       _GetProcessHeap@0          00415041 f   kernel32:KERNEL32.dll
 0002:00004047       _VirtualQuery@12           00415047 f   kernel32:KERNEL32.dll
 0002:0000404d       _FreeLibrary@4             0041504d f   kernel32:KERNEL32.dll
 0002:00004053       _GetProcAddress@8          00415053 f   kernel32:KERNEL32.dll
 0002:00004060       ___acrt_initialize         00415060 f   MSVCRTD:ucrt_stubs.obj
 0002:00004060       ___scrt_stub_for_acrt_initialize 00415060 f   MSVCRTD:ucrt_stubs.obj
 0002:00004060       ___vcrt_initialize         00415060 f   MSVCRTD:ucrt_stubs.obj
 0002:00004070       ___vcrt_thread_attach      00415070 f   MSVCRTD:ucrt_stubs.obj
 0002:00004070       ___acrt_thread_attach      00415070 f   MSVCRTD:ucrt_stubs.obj
 0002:00004070       ___scrt_stub_for_acrt_thread_attach 00415070 f   MSVCRTD:ucrt_stubs.obj
 0002:00004080       ___scrt_stub_for_acrt_thread_detach 00415080 f   MSVCRTD:ucrt_stubs.obj
 0002:00004080       ___acrt_thread_detach      00415080 f   MSVCRTD:ucrt_stubs.obj
 0002:00004080       ___vcrt_thread_detach      00415080 f   MSVCRTD:ucrt_stubs.obj
 0002:00004090       ___vcrt_uninitialize       00415090 f   MSVCRTD:ucrt_stubs.obj
 0002:00004090       ___scrt_stub_for_acrt_uninitialize 00415090 f   MSVCRTD:ucrt_stubs.obj
 0002:00004090       ___acrt_uninitialize       00415090 f   MSVCRTD:ucrt_stubs.obj
 0002:000040a0       ___scrt_stub_for_acrt_uninitialize_critical 004150a0 f   MSVCRTD:ucrt_stubs.obj
 0002:000040a0       ___vcrt_uninitialize_critical 004150a0 f   MSVCRTD:ucrt_stubs.obj
 0002:000040a0       ___acrt_uninitialize_critical 004150a0 f   MSVCRTD:ucrt_stubs.obj
 0002:000040b0       __is_c_termination_complete 004150b0 f   MSVCRTD:ucrt_stubs.obj
 0002:000040b0       ___scrt_stub_for_is_c_termination_complete 004150b0 f   MSVCRTD:ucrt_stubs.obj
 0002:000040c0       __filter_x86_sse2_floating_point_exception 004150c0 f   MSVCRTD:x86_exception_filter.obj
 0002:000040c0       __filter_x86_sse2_floating_point_exception_default 004150c0 f   MSVCRTD:x86_exception_filter.obj
 0003:00000000       ___xc_a                    00417000     MSVCRTD:initializers.obj
 0003:00000208       ___xc_z                    00417208     MSVCRTD:initializers.obj
 0003:0000030c       ___xi_a                    0041730c     MSVCRTD:initializers.obj
 0003:00000618       ___xi_z                    00417618     MSVCRTD:initializers.obj
 0003:0000071c       ___xp_a                    0041771c     MSVCRTD:initializers.obj
 0003:00000820       ___xp_z                    00417820     MSVCRTD:initializers.obj
 0003:00000924       ___xt_a                    00417924     MSVCRTD:initializers.obj
 0003:00000a28       ___xt_z                    00417a28     MSVCRTD:initializers.obj
 0003:00000b30       __real@4008cccccccccccd    00417b30     Source.obj
 0003:00000b40       __real@4018cccccccccccd    00417b40     Source.obj
 0003:00000c08       ??_C@_0NN@JMPELKLB@The?5value?5of?5ESP?5was?5not?5proper@ 00417c08     MSVCRTD:error.obj
 0003:00000d18       ??_C@_0BBN@ELNNILBE@A?5cast?5to?5a?5smaller?5data?5type?5h@ 00417d18     MSVCRTD:error.obj
 0003:00000e70       ??_C@_0BN@BPOGFMJL@Stack?5memory?5was?5corrupted?$AN?6@ 00417e70     MSVCRTD:error.obj
 0003:00000e94       ??_C@_0DG@DAJCDLPN@A?5local?5variable?5was?5used?5befor@ 00417e94     MSVCRTD:error.obj
 0003:00000ed4       ??_C@_0CM@JMIDGKLA@Stack?5memory?5around?5_alloca?5was@ 00417ed4     MSVCRTD:error.obj
 0003:00000f08       ??_C@_0BO@CHIONIOI@Unknown?5Runtime?5Check?5Error?$AN?6@ 00417f08     MSVCRTD:error.obj
 0003:00000f30       ??_C@_1GM@CNOOJIHC@?$AAR?$AAu?$AAn?$AAt?$AAi?$AAm?$AAe?$AA?5?$AAC?$AAh?$AAe?$AAc?$AAk?$AA?5?$AAE@ 00417f30     MSVCRTD:error.obj
 0003:00000fb8       ??_C@_1EA@NFKNIFJP@?$AAR?$AAu?$AAn?$AA?9?$AAT?$AAi?$AAm?$AAe?$AA?5?$AAC?$AAh?$AAe?$AAc?$AAk?$AA?5@ 00417fb8     MSVCRTD:error.obj
 0003:00001004       ??_C@_0BB@PFFGGCJP@Unknown?5Filename@ 00418004     MSVCRTD:error.obj
 0003:00001018       ??_C@_0BE@GNBOBNCK@Unknown?5Module?5Name@ 00418018     MSVCRTD:error.obj
 0003:00001030       ??_C@_0CA@IODNCDPG@Run?9Time?5Check?5Failure?5?$CD?$CFd?5?9?5?$CFs@ 00418030     MSVCRTD:error.obj
 0003:00001058       ??_C@_0CG@IAFNJNEE@Stack?5corrupted?5near?5unknown?5va@ 00418058     MSVCRTD:error.obj
 0003:00001088       ??_C@_05MKKEDADM@?$CF?42X?5@ 00418088     MSVCRTD:error.obj
 0003:00001090       ??_C@_0EJ@LJKNEOLN@Stack?5area?5around?5_alloca?5memor@ 00418090     MSVCRTD:error.obj
 0003:000010e8       ??_C@_01EEMJAFIK@?6@       004180e8     MSVCRTD:error.obj
 0003:000010ec       ??_C@_02LLMPMKNF@?$DO?5@   004180ec     MSVCRTD:error.obj
 0003:000010f0       ??_C@_08OMAHNMHJ@?6Data?3?5?$DM@ 004180f0     MSVCRTD:error.obj
 0003:000010fc       ??_C@_0CK@DKGBICFE@?6Allocation?5number?5within?5this?5@ 004180fc     MSVCRTD:error.obj
 0003:00001130       ??_C@_07DFDJCKFN@?6Size?3?5@ 00418130     MSVCRTD:error.obj
 0003:0000113c       ??_C@_0N@MHFFIMFG@?6Address?3?50x@ 0041813c     MSVCRTD:error.obj
 0003:00001150       ??_C@_0EI@CLEPFNGI@Stack?5area?5around?5_alloca?5memor@ 00418150     MSVCRTD:error.obj
 0003:000011a8       ??_C@_0BK@ODNDAGKB@?$CFs?$CFs?$CFp?$CFs?$CFzd?$CFs?$CFd?$CFs?$CFs?$CFs?$CFs?$CFs@ 004181a8     MSVCRTD:error.obj
 0003:000011c8       ??_C@_0DE@OHJBPMBP@A?5variable?5is?5being?5used?5withou@ 004181c8     MSVCRTD:error.obj
 0003:0000122c       ??_C@_0BJ@HEGAHDFO@Stack?5pointer?5corruption@ 0041822c     MSVCRTD:userapi.obj
 0003:0000124c       ??_C@_0CK@FEGOIOPB@Cast?5to?5smaller?5type?5causing?5lo@ 0041824c     MSVCRTD:userapi.obj
 0003:00001280       ??_C@_0BI@CIGMDCBH@Stack?5memory?5corruption@ 00418280     MSVCRTD:userapi.obj
 0003:0000129c       ??_C@_0CK@CNLNOEPB@Local?5variable?5used?5before?5init@ 0041829c     MSVCRTD:userapi.obj
 0003:000012d0       ??_C@_0BP@OGBCLIBO@Stack?5around?5_alloca?5corrupted@ 004182d0     MSVCRTD:userapi.obj
 0003:00001350       ??_C@_1EI@MLPKHBGE@?$AAa?$AAp?$AAi?$AA?9?$AAm?$AAs?$AA?9?$AAw?$AAi?$AAn?$AA?9?$AAc?$AAo?$AAr?$AAe@ 00418350     MSVCRTD:pdblkup.obj
 0003:000013a8       ??_C@_1BK@JHLNAEJL@?$AAa?$AAd?$AAv?$AAa?$AAp?$AAi?$AA3?$AA2?$AA?4?$AAd?$AAl?$AAl@ 004183a8     MSVCRTD:pdblkup.obj
 0003:000013c8       ??_C@_0O@COHOBMLB@RegOpenKeyExW@ 004183c8     MSVCRTD:pdblkup.obj
 0003:000013d8       ??_C@_0BB@GLNAEDBD@RegQueryValueExW@ 004183d8     MSVCRTD:pdblkup.obj
 0003:000013ec       ??_C@_0M@HLOHPNFA@RegCloseKey@ 004183ec     MSVCRTD:pdblkup.obj
 0003:00001400       ??_C@_1HE@EBEAGLFB@?$AAS?$AAO?$AAF?$AAT?$AAW?$AAA?$AAR?$AAE?$AA?2?$AAW?$AAo?$AAw?$AA6?$AA4?$AA3@ 00418400     MSVCRTD:pdblkup.obj
 0003:0000148c       ??_C@_1BG@EABPBLLF@?$AAP?$AAr?$AAo?$AAd?$AAu?$AAc?$AAt?$AAD?$AAi?$AAr@ 0041848c     MSVCRTD:pdblkup.obj
 0003:000014cc       ??_C@_1BC@JINFINNJ@?$AAM?$AAS?$AAP?$AAD?$AAB?$AA1?$AA4?$AA0@ 004184cc     MSVCRTD:pdblkup.obj
 0003:000014e4       ??_C@_0BB@KCIACLNC@PDBOpenValidate5@ 004184e4     MSVCRTD:pdblkup.obj
 0003:000014f8       ??_C@_01KDCPPGHE@r@        004184f8     MSVCRTD:pdblkup.obj
 0003:00001538       __load_config_used         00418538     MSVCRTD:loadcfg.obj
 0003:000018f4       ___rtc_iaa                 004188f4     MSVCRTD:initsect.obj
 0003:00001afc       ___rtc_izz                 00418afc     MSVCRTD:initsect.obj
 0003:00001c00       ___rtc_taa                 00418c00     MSVCRTD:initsect.obj
 0003:00001e08       ___rtc_tzz                 00418e08     MSVCRTD:initsect.obj
 0004:00000000       ___security_cookie_complement 0041a000     MSVCRTD:gs_cookie.obj
 0004:00000004       ___security_cookie         0041a004     MSVCRTD:gs_cookie.obj
 0004:0000000c       __fltused                  0041a00c     MSVCRTD:fltused.obj
 0004:00000010       ?_RTC_ErrorLevels@@3PAHA   0041a010     MSVCRTD:error.obj
 0004:00000028       ___scrt_native_dllmain_reason 0041a028     MSVCRTD:utility.obj
 0004:0000002c       ___scrt_default_matherr    0041a02c     MSVCRTD:matherr.obj
 0004:00000030       ___isa_enabled             0041a030     MSVCRTD:cpu_disp.obj
 0004:00000034       ___scrt_ucrt_dll_is_in_use 0041a034     MSVCRTD:ucrt_stubs.obj
 0004:00000148       ?_OptionsStorage@?1??__local_stdio_printf_options@@9@4_KA 0041a148     MSVCRTD:error.obj
 0004:00000520       ___scrt_current_native_startup_state 0041a520     MSVCRTD:utility.obj
 0004:00000524       ___scrt_native_startup_lock 0041a524     MSVCRTD:utility.obj
 0004:00000550       ?__type_info_root_node@@3U__type_info_node@@A 0041a550     MSVCRTD:tncleanup.obj
 0004:00000560       ?_OptionsStorage@?1??__local_stdio_scanf_options@@9@4_KA 0041a560     MSVCRTD:default_local_stdio_options.obj
 0004:0000056c       ___scrt_debugger_hook_flag 0041a56c     MSVCRTD:utility_desktop.obj
 0004:00000578       ___isa_available           0041a578     MSVCRTD:cpu_disp.obj
 0004:0000057c       ___favor                   0041a57c     MSVCRTD:cpu_disp.obj
 0004:00000584       ___dyn_tls_dtor_callback   0041a584     <common>
 0004:00000590       ___dyn_tls_init_callback   0041a590     <common>
 0004:0000059c       ___DebuggerCurrentSteppingThreadId 0041a59c     <common>
 0005:00000000       __imp__GetStartupInfoW@4   0041b000     kernel32:KERNEL32.dll
 0005:00000004       __imp__IsDebuggerPresent@0 0041b004     kernel32:KERNEL32.dll
 0005:00000008       __imp__RaiseException@16   0041b008     kernel32:KERNEL32.dll
 0005:0000000c       __imp__MultiByteToWideChar@24 0041b00c     kernel32:KERNEL32.dll
 0005:00000010       __imp__WideCharToMultiByte@32 0041b010     kernel32:KERNEL32.dll
 0005:00000014       __imp__UnhandledExceptionFilter@4 0041b014     kernel32:KERNEL32.dll
 0005:00000018       __imp__GetProcAddress@8    0041b018     kernel32:KERNEL32.dll
 0005:0000001c       __imp__FreeLibrary@4       0041b01c     kernel32:KERNEL32.dll
 0005:00000020       __imp__VirtualQuery@12     0041b020     kernel32:KERNEL32.dll
 0005:00000024       __imp__GetProcessHeap@0    0041b024     kernel32:KERNEL32.dll
 0005:00000028       __imp__HeapFree@12         0041b028     kernel32:KERNEL32.dll
 0005:0000002c       __imp__HeapAlloc@12        0041b02c     kernel32:KERNEL32.dll
 0005:00000030       __imp__GetLastError@0      0041b030     kernel32:KERNEL32.dll
 0005:00000034       __imp__GetModuleHandleW@4  0041b034     kernel32:KERNEL32.dll
 0005:00000038       __imp__GetCurrentThreadId@0 0041b038     kernel32:KERNEL32.dll
 0005:0000003c       __imp__InitializeSListHead@4 0041b03c     kernel32:KERNEL32.dll
 0005:00000040       __imp__GetSystemTimeAsFileTime@4 0041b040     kernel32:KERNEL32.dll
 0005:00000044       __imp__GetCurrentProcessId@0 0041b044     kernel32:KERNEL32.dll
 0005:00000048       __imp__QueryPerformanceCounter@4 0041b048     kernel32:KERNEL32.dll
 0005:0000004c       __imp__IsProcessorFeaturePresent@4 0041b04c     kernel32:KERNEL32.dll
 0005:00000050       __imp__TerminateProcess@8  0041b050     kernel32:KERNEL32.dll
 0005:00000054       __imp__GetCurrentProcess@0 0041b054     kernel32:KERNEL32.dll
 0005:00000058       __imp__SetUnhandledExceptionFilter@4 0041b058     kernel32:KERNEL32.dll
 0005:0000005c       \177KERNEL32_NULL_THUNK_DATA 0041b05c     kernel32:KERNEL32.dll
 0005:00000098       __imp_?put@?$basic_ostream@DU?$char_traits@D@std@@@std@@QAEAAV12@D@Z 0041b098     msvcprtd:MSVCP140D.dll
 0005:0000009c       __imp_??6?$basic_ostream@DU?$char_traits@D@std@@@std@@QAEAAV01@H@Z 0041b09c     msvcprtd:MSVCP140D.dll
 0005:000000a0       __imp_??6?$basic_ostream@DU?$char_traits@D@std@@@std@@QAEAAV01@P6AAAV01@AAV01@@Z@Z 0041b0a0     msvcprtd:MSVCP140D.dll
 0005:000000a4       __imp_?flush@?$basic_ostream@DU?$char_traits@D@std@@@std@@QAEAAV12@XZ 0041b0a4     msvcprtd:MSVCP140D.dll
 0005:000000a8       __imp_?cout@std@@3V?$basic_ostream@DU?$char_traits@D@std@@@1@A 0041b0a8     msvcprtd:MSVCP140D.dll
 0005:000000ac       __imp_?widen@?$basic_ios@DU?$char_traits@D@std@@@std@@QBEDD@Z 0041b0ac     msvcprtd:MSVCP140D.dll
 0005:000000b0       \177MSVCP140D_NULL_THUNK_DATA 0041b0b0     msvcprtd:MSVCP140D.dll
 0005:000000e0       __imp____current_exception_context 0041b0e0     vcruntimed:VCRUNTIME140D.dll
 0005:000000e4       __imp__memset              0041b0e4     vcruntimed:VCRUNTIME140D.dll
 0005:000000e8       __imp___except_handler4_common 0041b0e8     vcruntimed:VCRUNTIME140D.dll
 0005:000000ec       __imp____vcrt_GetModuleFileNameW 0041b0ec     vcruntimed:VCRUNTIME140D.dll
 0005:000000f0       __imp____vcrt_GetModuleHandleW 0041b0f0     vcruntimed:VCRUNTIME140D.dll
 0005:000000f4       __imp____vcrt_LoadLibraryExW 0041b0f4     vcruntimed:VCRUNTIME140D.dll
 0005:000000f8       __imp____std_type_info_destroy_list 0041b0f8     vcruntimed:VCRUNTIME140D.dll
 0005:000000fc       __imp____current_exception 0041b0fc     vcruntimed:VCRUNTIME140D.dll
 0005:00000100       \177VCRUNTIME140D_NULL_THUNK_DATA 0041b100     vcruntimed:VCRUNTIME140D.dll
 0005:00000130       __imp___seh_filter_dll     0041b130     ucrtd:ucrtbased.dll
 0005:00000134       __imp___initialize_onexit_table 0041b134     ucrtd:ucrtbased.dll
 0005:00000138       __imp___register_onexit_function 0041b138     ucrtd:ucrtbased.dll
 0005:0000013c       __imp___execute_onexit_table 0041b13c     ucrtd:ucrtbased.dll
 0005:00000140       __imp___crt_atexit         0041b140     ucrtd:ucrtbased.dll
 0005:00000144       __imp___crt_at_quick_exit  0041b144     ucrtd:ucrtbased.dll
 0005:00000148       __imp___controlfp_s        0041b148     ucrtd:ucrtbased.dll
 0005:0000014c       __imp__terminate           0041b14c     ucrtd:ucrtbased.dll
 0005:00000150       __imp___wmakepath_s        0041b150     ucrtd:ucrtbased.dll
 0005:00000154       __imp___wsplitpath_s       0041b154     ucrtd:ucrtbased.dll
 0005:00000158       __imp__wcscpy_s            0041b158     ucrtd:ucrtbased.dll
 0005:0000015c       __imp__strcpy_s            0041b15c     ucrtd:ucrtbased.dll
 0005:00000160       __imp____stdio_common_vsprintf_s 0041b160     ucrtd:ucrtbased.dll
 0005:00000164       __imp___exit               0041b164     ucrtd:ucrtbased.dll
 0005:00000168       __imp__exit                0041b168     ucrtd:ucrtbased.dll
 0005:0000016c       __imp___initterm_e         0041b16c     ucrtd:ucrtbased.dll
 0005:00000170       __imp___initterm           0041b170     ucrtd:ucrtbased.dll
 0005:00000174       __imp___get_initial_narrow_environment 0041b174     ucrtd:ucrtbased.dll
 0005:00000178       __imp___initialize_narrow_environment 0041b178     ucrtd:ucrtbased.dll
 0005:0000017c       __imp___configure_narrow_argv 0041b17c     ucrtd:ucrtbased.dll
 0005:00000180       __imp____setusermatherr    0041b180     ucrtd:ucrtbased.dll
 0005:00000184       __imp___set_app_type       0041b184     ucrtd:ucrtbased.dll
 0005:00000188       __imp___seh_filter_exe     0041b188     ucrtd:ucrtbased.dll
 0005:0000018c       __imp___CrtDbgReportW      0041b18c     ucrtd:ucrtbased.dll
 0005:00000190       __imp___CrtDbgReport       0041b190     ucrtd:ucrtbased.dll
 0005:00000194       __imp___set_fmode          0041b194     ucrtd:ucrtbased.dll
 0005:00000198       __imp____p__commode        0041b198     ucrtd:ucrtbased.dll
 0005:0000019c       __imp___set_new_mode       0041b19c     ucrtd:ucrtbased.dll
 0005:000001a0       __imp___configthreadlocale 0041b1a0     ucrtd:ucrtbased.dll
 0005:000001a4       __imp___register_thread_local_exe_atexit_callback 0041b1a4     ucrtd:ucrtbased.dll
 0005:000001a8       __imp___c_exit             0041b1a8     ucrtd:ucrtbased.dll
 0005:000001ac       __imp___cexit              0041b1ac     ucrtd:ucrtbased.dll
 0005:000001b0       __imp____p___argc          0041b1b0     ucrtd:ucrtbased.dll
 0005:000001b4       __imp____p___argv          0041b1b4     ucrtd:ucrtbased.dll
 0005:000001b8       __imp__strcat_s            0041b1b8     ucrtd:ucrtbased.dll
 0005:000001bc       \177ucrtbased_NULL_THUNK_DATA 0041b1bc     ucrtd:ucrtbased.dll
 0005:00000204       __IMPORT_DESCRIPTOR_MSVCP140D 0041b204     msvcprtd:MSVCP140D.dll
 0005:00000218       __IMPORT_DESCRIPTOR_VCRUNTIME140D 0041b218     vcruntimed:VCRUNTIME140D.dll
 0005:0000022c       __IMPORT_DESCRIPTOR_ucrtbased 0041b22c     ucrtd:ucrtbased.dll
 0005:00000240       __IMPORT_DESCRIPTOR_KERNEL32 0041b240     kernel32:KERNEL32.dll
 0005:00000254       __NULL_IMPORT_DESCRIPTOR   0041b254     msvcprtd:MSVCP140D.dll
 0007:00000000       ___guard_check_icall_fptr  0041d000     MSVCRTD:guard_support.obj
 0007:00000004       ___guard_xfg_check_icall_fptr 0041d004     MSVCRTD:guard_support.obj

 entry point at        0002:0000035c

 Static symbols

 0000:fffe4000       __guard_fids___except_handler4 00400000     MSVCRTD:chandler4gs.obj
 0000:fffe4000       __guard_fids_?pre_c_initialization@@YAHXZ 00400000     MSVCRTD:exe_main.obj
 0000:fffe4000       __guard_fids__             00400000     MSVCRTD:exe_main.obj
 0000:fffe4000       __guard_fids__             00400000     MSVCRTD:guard_support.obj
 0000:fffe4000       __guard_fids__             00400000     MSVCRTD:guard_support.obj
 0000:fffe4000       __guard_fids___guard_icall_checks_enforced 00400000     MSVCRTD:guard_support.obj
 0000:fffe4000       __guard_fids___CRT_RTC_INIT 00400000     MSVCRTD:init.obj
 0000:fffe4000       __guard_fids___CRT_RTC_INITW 00400000     MSVCRTD:init.obj
 0000:fffe4000       __guard_fids____scrt_set_unhandled_exception_filter 00400000     MSVCRTD:utility_desktop.obj
 0000:fffe0000       .debug$S                   00400000     msvcprtd:MSVCP140D.dll
 0000:fffe0000       .debug$S                   00400000     msvcprtd:MSVCP140D.dll
 0000:fffe0000       .debug$S                   00400000     msvcprtd:MSVCP140D.dll
 0000:fffe0000       .debug$S                   00400000     msvcprtd:MSVCP140D.dll
 0000:fffe0000       .debug$S                   00400000     msvcprtd:MSVCP140D.dll
 0000:fffe0000       .debug$S                   00400000     msvcprtd:MSVCP140D.dll
 0000:fffe0000       .debug$S                   00400000     vcruntimed:VCRUNTIME140D.dll
 0000:fffe0000       .debug$S                   00400000     vcruntimed:VCRUNTIME140D.dll
 0000:fffe0000       .debug$S                   00400000     vcruntimed:VCRUNTIME140D.dll
 0000:fffe0000       .debug$S                   00400000     vcruntimed:VCRUNTIME140D.dll
 0000:fffe0000       .debug$S                   00400000     vcruntimed:VCRUNTIME140D.dll
 0000:fffe0000       .debug$S                   00400000     vcruntimed:VCRUNTIME140D.dll
 0000:fffe0000       .debug$S                   00400000     vcruntimed:VCRUNTIME140D.dll
 0000:fffe0000       .debug$S                   00400000     vcruntimed:VCRUNTIME140D.dll
 0000:fffe0000       .debug$S                   00400000     ucrtd:ucrtbased.dll
 0000:fffe0000       .debug$S                   00400000     ucrtd:ucrtbased.dll
 0000:fffe0000       .debug$S                   00400000     ucrtd:ucrtbased.dll
 0000:fffe0000       .debug$S                   00400000     ucrtd:ucrtbased.dll
 0000:fffe0000       .debug$S                   00400000     ucrtd:ucrtbased.dll
 0000:fffe0000       .debug$S                   00400000     ucrtd:ucrtbased.dll
 0000:fffe0000       .debug$S                   00400000     ucrtd:ucrtbased.dll
 0000:fffe0000       .debug$S                   00400000     ucrtd:ucrtbased.dll
 0000:fffe0000       .debug$S                   00400000     ucrtd:ucrtbased.dll
 0000:fffe0000       .debug$S                   00400000     ucrtd:ucrtbased.dll
 0000:fffe0000       .debug$S                   00400000     ucrtd:ucrtbased.dll
 0000:fffe0000       .debug$S                   00400000     ucrtd:ucrtbased.dll
 0000:fffe0000       .debug$S                   00400000     ucrtd:ucrtbased.dll
 0000:fffe0000       .debug$S                   00400000     ucrtd:ucrtbased.dll
 0000:fffe0000       .debug$S                   00400000     ucrtd:ucrtbased.dll
 0000:fffe0000       .debug$S                   00400000     ucrtd:ucrtbased.dll
 0000:fffe0000       .debug$S                   00400000     ucrtd:ucrtbased.dll
 0000:fffe0000       .debug$S                   00400000     ucrtd:ucrtbased.dll
 0000:fffe0000       .debug$S                   00400000     ucrtd:ucrtbased.dll
 0000:fffe0000       .debug$S                   00400000     ucrtd:ucrtbased.dll
 0000:fffe0000       .debug$S                   00400000     ucrtd:ucrtbased.dll
 0000:fffe0000       .debug$S                   00400000     ucrtd:ucrtbased.dll
 0000:fffe0000       .debug$S                   00400000     ucrtd:ucrtbased.dll
 0000:fffe0000       .debug$S                   00400000     ucrtd:ucrtbased.dll
 0000:fffe0000       .debug$S                   00400000     ucrtd:ucrtbased.dll
 0000:fffe0000       .debug$S                   00400000     ucrtd:ucrtbased.dll
 0000:fffe0000       .debug$S                   00400000     ucrtd:ucrtbased.dll
 0000:fffe0000       .debug$S                   00400000     ucrtd:ucrtbased.dll
 0000:fffe0000       .debug$S                   00400000     ucrtd:ucrtbased.dll
 0000:fffe0000       .debug$S                   00400000     ucrtd:ucrtbased.dll
 0000:fffe0000       .debug$S                   00400000     ucrtd:ucrtbased.dll
 0000:fffe0000       .debug$S                   00400000     ucrtd:ucrtbased.dll
 0000:fffe0000       .debug$S                   00400000     ucrtd:ucrtbased.dll
 0000:fffe0000       .debug$S                   00400000     ucrtd:ucrtbased.dll
 0000:fffe0000       .debug$S                   00400000     ucrtd:ucrtbased.dll
 0000:fffe0000       .debug$S                   00400000     kernel32:KERNEL32.dll
 0000:fffe0000       .debug$S                   00400000     kernel32:KERNEL32.dll
 0000:fffe0000       .debug$S                   00400000     kernel32:KERNEL32.dll
 0000:fffe0000       .debug$S                   00400000     kernel32:KERNEL32.dll
 0000:fffe0000       .debug$S                   00400000     kernel32:KERNEL32.dll
 0000:fffe0000       .debug$S                   00400000     kernel32:KERNEL32.dll
 0000:fffe0000       .debug$S                   00400000     kernel32:KERNEL32.dll
 0000:fffe0000       .debug$S                   00400000     kernel32:KERNEL32.dll
 0000:fffe0000       .debug$S                   00400000     kernel32:KERNEL32.dll
 0000:fffe0000       .debug$S                   00400000     kernel32:KERNEL32.dll
 0000:fffe0000       .debug$S                   00400000     kernel32:KERNEL32.dll
 0000:fffe0000       .debug$S                   00400000     kernel32:KERNEL32.dll
 0000:fffe0000       .debug$S                   00400000     kernel32:KERNEL32.dll
 0000:fffe0000       .debug$S                   00400000     kernel32:KERNEL32.dll
 0000:fffe0000       .debug$S                   00400000     kernel32:KERNEL32.dll
 0000:fffe0000       .debug$S                   00400000     kernel32:KERNEL32.dll
 0000:fffe0000       .debug$S                   00400000     kernel32:KERNEL32.dll
 0000:fffe0000       .debug$S                   00400000     kernel32:KERNEL32.dll
 0000:fffe0000       .debug$S                   00400000     kernel32:KERNEL32.dll
 0000:fffe0000       .debug$S                   00400000     kernel32:KERNEL32.dll
 0000:fffe0000       .debug$S                   00400000     kernel32:KERNEL32.dll
 0000:fffe0000       .debug$S                   00400000     kernel32:KERNEL32.dll
 0000:fffe0000       .debug$S                   00400000     kernel32:KERNEL32.dll
 0000:fffe4004       __guard_fids__             00400004     MSVCRTD:exe_main.obj
 0000:fffe4008       __guard_fids__             00400008     MSVCRTD:exe_main.obj
 0002:00000b10       $LN5                       00411b10     Source.obj
 0002:00000b18       $LN4                       00411b18     Source.obj
 0002:00000b24       $LN3                       00411b24     Source.obj
 0002:00000e80       ?pre_c_initialization@@YAHXZ 00411e80 f   MSVCRTD:exe_main.obj
 0002:00000f60       ?post_pgo_initialization@@YAHXZ 00411f60 f   MSVCRTD:exe_main.obj
 0002:00000f70       ?pre_cpp_initialization@@YAXXZ 00411f70 f   MSVCRTD:exe_main.obj
 0002:00000f90       ?__scrt_common_main@@YAHXZ 00411f90 f   MSVCRTD:exe_main.obj
 0002:00000fb0       ?__scrt_common_main_seh@@YAHXZ 00411fb0 f   MSVCRTD:exe_main.obj
 0002:00001280       ?invoke_main@@YAHXZ        00412280 f   MSVCRTD:exe_main.obj
 0002:00001340       ?DebuggerProbe@@YA_NK@Z    00412340 f   MSVCRTD:error.obj
 0002:00001390       ?DebuggerRuntime@@YA_NKHPAXPB_W@Z 00412390 f   MSVCRTD:error.obj
 0002:00001660       ?_getMemBlockDataString@@YAXPAD0PBDI@Z 00412660 f   MSVCRTD:error.obj
 0002:000016f0       ?_strlen_priv@@YAIPBD@Z    004126f0 f   MSVCRTD:error.obj
 0002:00001710       ?failwithmessage@@YAXPAXHHPBD@Z 00412710 f   MSVCRTD:error.obj
 0002:00001990       ?notify_debugger@@YAXABUtagEXCEPTION_VISUALCPP_DEBUG_INFO@@@Z 00412990 f   MSVCRTD:error.obj
 0002:00002090       ?find_pe_section@@YAPAU_IMAGE_SECTION_HEADER@@QAEI@Z 00413090 f   MSVCRTD:utility.obj
 0002:00002140       ?is_potentially_valid_image_base@@YA_NQAX@Z 00413140 f   MSVCRTD:utility.obj
 0002:00002850       ___get_entropy             00413850 f   MSVCRTD:gs_support.obj
 0002:00003030       ?GetPdbDll@@YAPAUHINSTANCE__@@XZ 00414030 f   MSVCRTD:pdblkup.obj
 0002:000031c0       ?GetPdbDllFromInstallPath@@YAPAUHINSTANCE__@@XZ 004141c0 f   MSVCRTD:pdblkup.obj
 0002:000034b0       ?GetPdbDllPathFromFilePath@@YAHPB_WPA_WI@Z 004144b0 f   MSVCRTD:pdblkup.obj
 0003:00000104       ?pre_cpp_initializer@@3P6AXXZA 00417104     MSVCRTD:exe_main.obj
 0003:00000410       ?pre_c_initializer@@3P6AHXZA 00417410     MSVCRTD:exe_main.obj
 0003:00000514       ?post_pgo_initializer@@3P6AHXZA 00417514     MSVCRTD:exe_main.obj
 0003:00000b4c       ?_RTC_ErrorMessages@@3QBQBDB 00417b4c     MSVCRTD:error.obj
 0003:00000b64       ?_RTC_NoFalsePositives@@3QBHB 00417b64     MSVCRTD:error.obj
 0003:00000b7c       ?stack_premsg@@3QBDB       00417b7c     MSVCRTD:error.obj
 0003:00000b98       ?stack_postmsg@@3QBDB      00417b98     MSVCRTD:error.obj
 0003:00000bac       ?uninit_premsg@@3QBDB      00417bac     MSVCRTD:error.obj
 0003:00000bbc       ?uninit_postmsg@@3QBDB     00417bbc     MSVCRTD:error.obj
 0003:00001208       _GS_ExceptionPointers      00418208     MSVCRTD:gs_report.obj
 0003:00001214       ?_RTC_errlist@@3QBQBDB     00418214     MSVCRTD:userapi.obj
 0003:000012f8       ?mspdbName@@3QB_WB         004182f8     MSVCRTD:pdblkup.obj
 0003:0000131c       ?debugCrtFileName@@3QB_WB  0041831c     MSVCRTD:pdblkup.obj
 0003:000014a8       ?dllExt@?1??GetPdbDllPathFromFilePath@@YAHPB_WPA_WI@Z@4QB_WB 004184a8     MSVCRTD:pdblkup.obj
 0003:000014b4       ?mspdbFilename@?1??GetPdbDllPathFromFilePath@@YAHPB_WPA_WI@Z@4QB_WB 004184b4     MSVCRTD:pdblkup.obj
 0003:000019f8       __RTC_InitBase.rtc$IMZ     004189f8     Source.obj
 0003:00001d04       __RTC_Shutdown.rtc$TMZ     00418d04     Source.obj
 0003:00001f10       __sehtable$?__scrt_common_main_seh@@YAHXZ 00418f10     MSVCRTD:exe_main.obj
 0003:00001f30       __sehtable$?notify_debugger@@YAXABUtagEXCEPTION_VISUALCPP_DEBUG_INFO@@@Z 00418f30     MSVCRTD:error.obj
 0003:00001f50       __sehtable$___scrt_is_nonwritable_in_current_image 00418f50     MSVCRTD:utility.obj
 0004:00000140       ?init@?1??_RTC_InitBase@@9@4_NA 0041a140     MSVCRTD:init.obj
 0004:00000158       _GS_ExceptionRecord        0041a158     MSVCRTD:gs_report.obj
 0004:000001a8       _GS_ContextRecord          0041a1a8     MSVCRTD:gs_report.obj
 0004:00000514       ?_RTC_ErrorReportFunc@@3P6AHHPBDH00ZZA 0041a514     MSVCRTD:userapi.obj
 0004:00000518       ?_RTC_ErrorReportFuncW@@3P6AHHPB_WH00ZZA 0041a518     MSVCRTD:userapi.obj
 0004:00000528       ?is_initialized_as_dll@@3_NA 0041a528     MSVCRTD:utility.obj
 0004:00000529       ?module_local_atexit_table_initialized@@3_NA 0041a529     MSVCRTD:utility.obj
 0004:0000052c       ?module_local_atexit_table@@3U_onexit_table_t@@A 0041a52c     MSVCRTD:utility.obj
 0004:00000538       ?module_local_at_quick_exit_table@@3U_onexit_table_t@@A 0041a538     MSVCRTD:utility.obj
 0004:00000570       ?mspdb@@3PAUHINSTANCE__@@A 0041a570     MSVCRTD:pdblkup.obj
 0004:00000574       ?alreadyTried@?1??GetPdbDll@@YAPAUHINSTANCE__@@XZ@4_NA 0041a574     MSVCRTD:pdblkup.obj
 0004:00000575       ?PDBOK@?1??_RTC_GetSrcLine@@YAHPAEPA_WKPAH1K@Z@4_NA 0041a575     MSVCRTD:pdblkup.obj
 0005:000005f6       .idata$6                   0041b5f6     msvcprtd:MSVCP140D.dll
 0005:000006ca       .idata$6                   0041b6ca     vcruntimed:VCRUNTIME140D.dll
 0005:00000960       .idata$6                   0041b960     ucrtd:ucrtbased.dll
 0005:00000b44       .idata$6                   0041bb44     kernel32:KERNEL32.dll
 0006:00000000       __8906660C_vcruntime_new@h 0041c000     Source.obj
 0006:00000001       __09340588_corecrt_math@h  0041c001     Source.obj
 0006:00000002       __24E9E95F_stdlib@h        0041c002     Source.obj
 0006:00000003       __F8119FB4_cstdlib         0041c003     Source.obj
 0006:00000004       __0A4FAB91_cmath           0041c004     Source.obj
 0006:00000005       __F66CEB67_corecrt_stdio_config@h 0041c005     Source.obj
 0006:00000006       __101834BA_corecrt_wstdio@h 0041c006     Source.obj
 0006:00000007       __AD6A91B7_stdio@h         0041c007     Source.obj
 0006:00000008       __367CC694_corecrt_memcpy_s@h 0041c008     Source.obj
 0006:00000009       __35D7DDB3_corecrt_memory@h 0041c009     Source.obj
 0006:0000000a       __DC9673E3_corecrt_wstring@h 0041c00a     Source.obj
 0006:0000000b       __A29A7DFB_string@h        0041c00b     Source.obj
 0006:0000000c       __5467428D_corecrt_wconio@h 0041c00c     Source.obj
 0006:0000000d       __4442441F_corecrt_wio@h   0041c00d     Source.obj
 0006:0000000e       __45F4AF76_corecrt_wtime@h 0041c00e     Source.obj
 0006:0000000f       __186FF47F_stat@h          0041c00f     Source.obj
 0006:00000010       __534C724A_wchar@h         0041c010     Source.obj
 0006:00000011       __85A9AA98_type_traits     0041c011     Source.obj
 0006:00000012       __4324C6B3_xutility        0041c012     Source.obj
 0006:00000013       __B0C4CEA9_malloc@h        0041c013     Source.obj
 0006:00000014       __E75714E4_vcruntime_exception@h 0041c014     Source.obj
 0006:00000015       __E4152856_exception       0041c015     Source.obj
 0006:00000016       __F2870A2C_limits          0041c016     Source.obj
 0006:00000017       __A58979FC_xmemory         0041c017     Source.obj
 0006:00000018       __D15AFF60_xstring         0041c018     Source.obj
 0006:00000019       __6D5B120B_stdexcept       0041c019     Source.obj
 0006:0000001a       __160863A3_xcall_once@h    0041c01a     Source.obj
 0006:0000001b       __99B256EE_atomic          0041c01b     Source.obj
 0006:0000001c       __A9557183_system_error    0041c01c     Source.obj
 0006:0000001d       __FB364CBD_vcruntime_typeinfo@h 0041c01d     Source.obj
 0006:0000001e       __33FB35AA_typeinfo        0041c01e     Source.obj
 0006:0000001f       __4E2906A2_memory          0041c01f     Source.obj
 0006:00000020       __626C51AD_xfacet          0041c020     Source.obj
 0006:00000021       __7242C389_ctype@h         0041c021     Source.obj
 0006:00000022       __2C72D662_xlocinfo        0041c022     Source.obj
 0006:00000023       __0E648B51_xlocale         0041c023     Source.obj
 0006:00000024       __1597A171_xiosbase        0041c024     Source.obj
 0006:00000025       __90E3ED46_xlocnum         0041c025     Source.obj
 0006:00000026       __165C22CB_ios             0041c026     Source.obj
 0006:00000027       __C9B1422B_Source@cpp      0041c027     Source.obj
 0006:00000028       __7EA464AF_istream         0041c028     Source.obj
 0006:00000029       __1D745195_ostream         0041c029     Source.obj
 0006:0000002a       __6FFBAAB7_streambuf       0041c02a     Source.obj
 0006:0000002b       __528871F3_iterator        0041c02b     Source.obj
 0006:0000002c       __3E6EDFAA_iosfwd          0041c02c     Source.obj
 0006:0000002d       __CF1C1A3F_utility         0041c02d     Source.obj
 0006:0000002e       __38038D2D_xstddef         0041c02e     Source.obj
 0006:0000002f       __EE19A480_xatomic@h       0041c02f     Source.obj
 0008:00000170       $R000000                   0041e170     * linker generated manifest res *
